Usuario@DESKTOP-UU1H80N MINGW64 ~
$ cd ./desktop/dh/peliculas

Usuario@DESKTOP-UU1H80N MINGW64 ~/desktop/dh/peliculas (master)
$ cd ./accion

Usuario@DESKTOP-UU1H80N MINGW64 ~/desktop/dh/peliculas/accion (master)
$ ls
 cars.jpg  'diario de una pasion.js'  'el hexorcista.xls'   prueba2/  'smooth criminal.txt'

Usuario@DESKTOP-UU1H80N MINGW64 ~/desktop/dh/peliculas/accion (master)
$ mv "el hexorcista.xls" "el exorcista.xls"

Usuario@DESKTOP-UU1H80N MINGW64 ~/desktop/dh/peliculas/accion (master)
$ ls
 cars.jpg  'diario de una pasion.js'  'el exorcista.xls'   prueba2/  'smooth criminal.txt'

Usuario@DESKTOP-UU1H80N MINGW64 ~/desktop/dh/peliculas/accion (master)
$ cd ../

Usuario@DESKTOP-UU1H80N MINGW64 ~/desktop/dh/peliculas (master)
$ cd ./comedia

Usuario@DESKTOP-UU1H80N MINGW64 ~/desktop/dh/peliculas/comedia (master)
$ ls
 it.xls   madagaskar.js  'mision imposible.png'  'orgullo y prejuicio.txt'

Usuario@DESKTOP-UU1H80N MINGW64 ~/desktop/dh/peliculas/comedia (master)
$ mv "madagaskar.js" "madagascar.js"

Usuario@DESKTOP-UU1H80N MINGW64 ~/desktop/dh/peliculas/comedia (master)
$ ls
 it.xls   madagascar.js  'mision imposible.png'  'orgullo y prejuicio.txt'

Usuario@DESKTOP-UU1H80N MINGW64 ~/desktop/dh/peliculas/comedia (master)
$ cd ../

Usuario@DESKTOP-UU1H80N MINGW64 ~/desktop/dh/peliculas (master)
$ cd ./infantiles

Usuario@DESKTOP-UU1H80N MINGW64 ~/desktop/dh/peliculas/infantiles (master)
$ ls
'el juego del miedo.xls'   intenzamente.txt  'rapido y furioso.pdf'   titanic.jpg

Usuario@DESKTOP-UU1H80N MINGW64 ~/desktop/dh/peliculas/infantiles (master)
$ mv "intenzamente.txt" "intensamente.txt"

Usuario@DESKTOP-UU1H80N MINGW64 ~/desktop/dh/peliculas/infantiles (master)
$ ls
'el juego del miedo.xls'   intensamente.txt  'rapido y furioso.pdf'   titanic.jpg

Usuario@DESKTOP-UU1H80N MINGW64 ~/desktop/dh/peliculas/infantiles (master)
$ cd ../

Usuario@DESKTOP-UU1H80N MINGW64 ~/desktop/dh/peliculas (master)
$ cd ./romanticas

Usuario@DESKTOP-UU1H80N MINGW64 ~/desktop/dh/peliculas/romanticas (master)
$ ls
 anabelle.js  'la mascara.js'  'los vengadores.js'   pocahontas.jpg   prueba/

Usuario@DESKTOP-UU1H80N MINGW64 ~/desktop/dh/peliculas/romanticas (master)
$ cd ../

Usuario@DESKTOP-UU1H80N MINGW64 ~/desktop/dh/peliculas (master)
$ cd ./terror

Usuario@DESKTOP-UU1H80N MINGW64 ~/desktop/dh/peliculas/terror (master)
$ ls
'la dama y el bagavundo.png'  'que paso ayer.pdf'  'we will rock you.js'  'yo antes de ti.xls'

Usuario@DESKTOP-UU1H80N MINGW64 ~/desktop/dh/peliculas/terror (master)
$ mv "la dama y el bagavundo.png" "la dama y el vagabundo.png"

Usuario@DESKTOP-UU1H80N MINGW64 ~/desktop/dh/peliculas/terror (master)
$ ls
'la dama y el vagabundo.png'  'que paso ayer.pdf'  'we will rock you.js'  'yo antes de ti.xls'

$ cd ../

Usuario@DESKTOP-UU1H80N MINGW64 ~/desktop/dh/peliculas (master)
$ cd ../

Usuario@DESKTOP-UU1H80N MINGW64 ~/desktop/dh (master)
$ mv ./peliculas/accion/cars.jpg ./peliculas/infantiles

Usuario@DESKTOP-UU1H80N MINGW64 ~/desktop/dh (master)
$ mv ./peliculas/accion/"diario de una pasion.js"  ./peliculas/romanticas

Usuario@DESKTOP-UU1H80N MINGW64 ~/desktop/dh (master)
$ mv ./peliculas/accion/"el exorcista.xls"  ./peliculas/terror

Usuario@DESKTOP-UU1H80N MINGW64 ~/desktop/dh (master)
$ mv ./peliculas/comedia/"mision imposible.png"  ./peliculas/accion

Usuario@DESKTOP-UU1H80N MINGW64 ~/desktop/dh (master)
$ mv ./peliculas/comedia/"orgullo y prejuicio.txt"  ./peliculas/romanticas

Usuario@DESKTOP-UU1H80N MINGW64 ~/desktop/dh (master)
$ mv ./peliculas/comedia/it.xls  ./peliculas/terror

Usuario@DESKTOP-UU1H80N MINGW64 ~/desktop/dh (master)
$ mv ./peliculas/infantiles/"el juego del miedo.xls"  ./peliculas/terror

Usuario@DESKTOP-UU1H80N MINGW64 ~/desktop/dh (master)
$ mv ./peliculas/infantiles/"rapido y furioso.pdf"  ./peliculas/accion

Usuario@DESKTOP-UU1H80N MINGW64 ~/desktop/dh (master)
$ mv ./peliculas/infantiles/"titanic.jpg"  ./peliculas/romanticas

Usuario@DESKTOP-UU1H80N MINGW64 ~/desktop/dh (master)
$ mv ./peliculas/romanticas/"anabelle.js"  ./peliculas/terror

Usuario@DESKTOP-UU1H80N MINGW64 ~/desktop/dh (master)
$ mv ./peliculas/romanticas/"la mascara.js"  ./peliculas/comedia

Usuario@DESKTOP-UU1H80N MINGW64 ~/desktop/dh (master)
$ mv ./peliculas/romanticas/"los vengadores.js"  ./peliculas/accion

Usuario@DESKTOP-UU1H80N MINGW64 ~/desktop/dh (master)
$ mv ./peliculas/romanticas/pocahontas.jpg  ./peliculas/infantiles

Usuario@DESKTOP-UU1H80N MINGW64 ~/desktop/dh (master)
$ mv ./peliculas/terror/"la dama y el vagabundo.png"  ./peliculas/infantiles

Usuario@DESKTOP-UU1H80N MINGW64 ~/desktop/dh (master)
$ mv ./peliculas/terror/"que paso ayer.pdf"  ./peliculas/comedia

Usuario@DESKTOP-UU1H80N MINGW64 ~/desktop/dh (master)
$ mv ./peliculas/terror/"yo antes de ti.pdf"  ./peliculas/romanticas
mv: cannot stat './peliculas/terror/yo antes de ti.pdf': No such file or directory

Usuario@DESKTOP-UU1H80N MINGW64 ~/desktop/dh (master)
$ mv ./peliculas/terror/"yo antes de ti.xls"  ./peliculas/romanticas

Usuario@DESKTOP-UU1H80N MINGW64 ~/desktop/dh (master)
$ rm ./peliculas/accion/"smooth criminal.txt"

Usuario@DESKTOP-UU1H80N MINGW64 ~/desktop/dh (master)
$ rm ./peliculas/terror/"we will rock you.js"

Usuario@DESKTOP-UU1H80N MINGW64 ~/desktop/dh (master)
$ touch ./peliculas/accion/prueba2/noborrar.js

Usuario@DESKTOP-UU1H80N MINGW64 ~/desktop/dh (master)
$ cd ./peliculas

Usuario@DESKTOP-UU1H80N MINGW64 ~/desktop/dh/peliculas (master)
$ mv ./accion/prueba2/noborrar.js ./romanticas/prueba/

Usuario@DESKTOP-UU1H80N MINGW64 ~/desktop/dh/peliculas (master)
$ cd ../

Usuario@DESKTOP-UU1H80N MINGW64 ~/desktop/dh (master)
$ touch camadax.txt

Usuario@DESKTOP-UU1H80N MINGW64 ~/desktop/dh (master)
$ cd ./peliculas

Usuario@DESKTOP-UU1H80N MINGW64 ~/desktop/dh/peliculas (master)
$ mv ./terror/it.xls ./infantiles

Usuario@DESKTOP-UU1H80N MINGW64 ~/desktop/dh/peliculas (master)
$ rm ~/desktop/dh/camadax.txt

Usuario@DESKTOP-UU1H80N MINGW64 ~/desktop/dh/peliculas (master)
$ rm ./romanticas/prueba
rm: cannot remove './romanticas/prueba': Is a directory

Usuario@DESKTOP-UU1H80N MINGW64 ~/desktop/dh/peliculas (master)
$ rm -r ./romanticas/prueba

Usuario@DESKTOP-UU1H80N MINGW64 ~/desktop/dh/peliculas (master)
$