Usuario@DESKTOP-UU1H80N MINGW64 ~
$ cd ./desktop

Usuario@DESKTOP-UU1H80N MINGW64 ~/desktop (master)
$ cd ./dh

Usuario@DESKTOP-UU1H80N MINGW64 ~/desktop/dh (master)
$ mkdir peliculas

Usuario@DESKTOP-UU1H80N MINGW64 ~/desktop/dh (master)
$ cd ./peliculas

Usuario@DESKTOP-UU1H80N MINGW64 ~/desktop/dh/peliculas (master)
$ mkdir "infantiles" "accion" "terror" "comedia" "romanticas"

Usuario@DESKTOP-UU1H80N MINGW64 ~/desktop/dh/peliculas (master)
$ cd ./infantiles

Usuario@DESKTOP-UU1H80N MINGW64 ~/desktop/dh/peliculas/infantiles (master)
$ touch "intenzamente.txt" "el juego del miedo.xls" "rapido y furioso.pdf" "titanic.jpg"

Usuario@DESKTOP-UU1H80N MINGW64 ~/desktop/dh/peliculas/infantiles (master)
$ ls
'el juego del miedo.xls'  'rapido y furioso.pdf'
 intenzamente.txt          titanic.jpg

Usuario@DESKTOP-UU1H80N MINGW64 ~/desktop/dh/peliculas/infantiles (master)
$ cd ../

Usuario@DESKTOP-UU1H80N MINGW64 ~/desktop/dh/peliculas (master)
$ cd ./accion

Usuario@DESKTOP-UU1H80N MINGW64 ~/desktop/dh/peliculas/accion (master)
$ touch "smooth criminal.txt" "diario de una pasion.js" "el hexorcista.xls" "cars.jpg"

Usuario@DESKTOP-UU1H80N MINGW64 ~/desktop/dh/peliculas/accion (master)
$ ls
 cars.jpg                  'el hexorcista.xls'
'diario de una pasion.js'  'smooth criminal.txt'

Usuario@DESKTOP-UU1H80N MINGW64 ~/desktop/dh/peliculas/accion (master)
$ cd ../

Usuario@DESKTOP-UU1H80N MINGW64 ~/desktop/dh/peliculas (master)
$ cd ./terror

Usuario@DESKTOP-UU1H80N MINGW64 ~/desktop/dh/peliculas/terror (master)
$ touch "la dama y el bagavundo.png" "yo antes de ti.xls" "que paso ayer.pdf" "we will rock you.js"

Usuario@DESKTOP-UU1H80N MINGW64 ~/desktop/dh/peliculas/terror (master)
$ ls
'la dama y el bagavundo.png'  'we will rock you.js'
'que paso ayer.pdf'           'yo antes de ti.xls'

Usuario@DESKTOP-UU1H80N MINGW64 ~/desktop/dh/peliculas/terror (master)
$ cd ../

Usuario@DESKTOP-UU1H80N MINGW64 ~/desktop/dh/peliculas (master)
$ ls -R
.:
accion/  comedia/  infantiles/  romanticas/  terror/

./accion:
 cars.jpg                  'el hexorcista.xls'
'diario de una pasion.js'  'smooth criminal.txt'

./comedia:

./infantiles:
'el juego del miedo.xls'  'rapido y furioso.pdf'
 intenzamente.txt          titanic.jpg

./romanticas:

./terror:
'la dama y el bagavundo.png'  'we will rock you.js'
'que paso ayer.pdf'           'yo antes de ti.xls'

Usuario@DESKTOP-UU1H80N MINGW64 ~/desktop/dh/peliculas (master)
$ cd ./comedia

Usuario@DESKTOP-UU1H80N MINGW64 ~/desktop/dh/peliculas/comedia (master)
$ touch "madagaskar.js" "orgullo y prejuicio.txt" "it.xls" "mision imposible.png"

Usuario@DESKTOP-UU1H80N MINGW64 ~/desktop/dh/peliculas/comedia (master)
$ ls
 it.xls   madagaskar.js  'mision imposible.png'  'orgullo y prejuicio.txt'

Usuario@DESKTOP-UU1H80N MINGW64 ~/desktop/dh/peliculas/comedia (master)
$ cd ../

Usuario@DESKTOP-UU1H80N MINGW64 ~/desktop/dh/peliculas (master)
$ cd ./romantica
bash: cd: ./romantica: No such file or directory

Usuario@DESKTOP-UU1H80N MINGW64 ~/desktop/dh/peliculas (master)
$ cd ./romanticas

Usuario@DESKTOP-UU1H80N MINGW64 ~/desktop/dh/peliculas/romanticas (master)
$ touch "pocahontas.jpg" "anabelle.js" "los vengadores.js" "la mascara.js"

Usuario@DESKTOP-UU1H80N MINGW64 ~/desktop/dh/peliculas/romanticas (master)
$ ls
 anabelle.js  'la mascara.js'  'los vengadores.js'   pocahontas.jpg

Usuario@DESKTOP-UU1H80N MINGW64 ~/desktop/dh/peliculas/romanticas (master)
$ cd ../

Usuario@DESKTOP-UU1H80N MINGW64 ~/desktop/dh/peliculas (master)
$ ls -R
.:
accion/  comedia/  infantiles/  romanticas/  terror/

./accion:
 cars.jpg                  'el hexorcista.xls'
'diario de una pasion.js'  'smooth criminal.txt'

./comedia:
 it.xls   madagaskar.js  'mision imposible.png'  'orgullo y prejuicio.txt'

./infantiles:
'el juego del miedo.xls'  'rapido y furioso.pdf'
 intenzamente.txt          titanic.jpg

./romanticas:
 anabelle.js  'la mascara.js'  'los vengadores.js'   pocahontas.jpg

./terror:
'la dama y el bagavundo.png'  'we will rock you.js'
'que paso ayer.pdf'           'yo antes de ti.xls'

Usuario@DESKTOP-UU1H80N MINGW64 ~/desktop/dh/peliculas (master)
$
