9.
¿Se pueden crear las carpetas del punto 2 en un solo comando? En caso que la
respuesta sea positiva escribir el comando

$ mkdir ./Acosta_Leonardo/Peliculas/Infantiles ./Acosta_Leonardo/Peliculas/Accion ./Acosta_Leonardo/Peliculas/Terror ./Acosta_Leonardo/Peliculas/Comedia ./Acosta_Leonardo/Peliculas/Romanticas

¿Se pueden crear los archivos del punto 3 en un solo comando? En caso que la
respuesta sea positiva escribir el comando

$ touch ./Infantiles/Intenzamente.txt ./Infantiles/"El juego del miedo.xls" ./Infantiles/"Rapido y furioso.pdf" ./Infantiles/Titanic.jpg 

Estando ubicados en la carpeta DH crear una carpeta llamada Prueba dentro de
la carpeta Romanticas en un solo comando y escribirlo aquí
$ mkdir ./Peliculas/Romanticas/Prueba

Estando ubicados en la carpeta Romanticas crear una carpeta llamada Prueba2
dentro de la carpeta Accion
$ mkdir ../Accion/Prueba2

Integrando en VSCode
2) Mover los archivos que no correspondan a la carpeta con la categoría de
película correspondiente.
3) Estando ubicados en la carpeta DH renombrar los archivos que están mal
nombrados debido a faltas ortográficas.
4) Estando ubicados en la carpeta DH remover (eliminar) los archivos que no sean
peliculas y corresponden a canciones en un solo comando c/u.
$ rm ./Peliculas/Romanticas/We\ will\ rock\ you.js ./Peliculas/Romanticas/Yo\ antes\ de\ ti.xls 

Ubicados en la carpeta DH crear el archivo noBorrar.js en la carpeta prueba2.
En un solo comando.
$ touch ./Peliculas/Accion/Prueba2/noBorrar.js